src/components/ui/CustomDropdown.tsx(37,32): error TS2550: Property 'includes' does not exist on type 'string'. Do you need to change your target library? Try changing the 'lib' compiler option to 'es2015' or later.
src/components/ui/CustomDropdown.tsx(40,34): error TS2550: Property 'find' does not exist on type 'Option[]'. Do you need to change your target library? Try changing the 'lib' compiler option to 'es2015' or later.
src/context/WorkflowContext.tsx(237,44): error TS2550: Property 'findIndex' does not exist on type 'AuditRequest[]'. Do you need to change your target library? Try changing the 'lib' compiler option to 'es2015' or later.
src/context/WorkflowContext.tsx(484,43): error TS2550: Property 'find' does not exist on type 'AuditRequest[]'. Do you need to change your target library? Try changing the 'lib' compiler option to 'es2015' or later.
